// Jest Snapshot v1, https://goo.gl/fbAQLP

exports[`write file 1`] = `"console.log('hi')"`;
